// Jest Snapshot v1, https://goo.gl/fbAQLP

exports[`Month renders calendar month 1`] = `
<div
  className="month"
>
  <div
    className="navigation"
  >
    <div />
    <div
      className="action"
      onClick={[Function]}
    >
      ←
    </div>
    <div
      className="title"
    >
      January
       
      2019
    </div>
    <div
      className="action"
      onClick={[Function]}
    >
      →
    </div>
    <div />
  </div>
  <div
    className="weeks"
  >
    <div
      className="weekDay"
    >
      Su
    </div>
    <div
      className="weekDay"
    >
      Mo
    </div>
    <div
      className="weekDay"
    >
      Tu
    </div>
    <div
      className="weekDay"
    >
      We
    </div>
    <div
      className="weekDay"
    >
      Th
    </div>
    <div
      className="weekDay"
    >
      Fr
    </div>
    <div
      className="weekDay"
    >
      Sa
    </div>
  </div>
  <div
    className="days"
  >
    <div
      className="day"
    >
      <div />
    </div>
    <div
      className="day"
    >
      <div />
    </div>
    <div
      className="day"
    >
      <div>
        1
      </div>
    </div>
    <div
      className="day"
    >
      <div>
        2
      </div>
    </div>
    <div
      className="day"
    >
      <div>
        3
      </div>
    </div>
    <div
      className="day"
    >
      <div>
        4
      </div>
    </div>
    <div
      className="day"
    >
      <div>
        5
      </div>
    </div>
    <div
      className="day"
    >
      <div>
        6
      </div>
    </div>
    <div
      className="day"
    >
      <div>
        7
      </div>
    </div>
    <div
      className="day"
    >
      <div>
        8
      </div>
    </div>
    <div
      className="day"
    >
      <div>
        9
      </div>
    </div>
    <div
      className="day"
    >
      <div>
        10
      </div>
    </div>
    <div
      className="day"
    >
      <div>
        11
      </div>
    </div>
    <div
      className="day"
    >
      <div>
        12
      </div>
    </div>
    <div
      className="day"
    >
      <div>
        13
      </div>
    </div>
    <div
      className="day"
    >
      <div>
        14
      </div>
    </div>
    <div
      className="day"
    >
      <div>
        15
      </div>
    </div>
    <div
      className="day"
    >
      <div>
        16
      </div>
    </div>
    <div
      className="day"
    >
      <div>
        17
      </div>
    </div>
    <div
      className="day"
    >
      <div>
        18
      </div>
    </div>
    <div
      className="day"
    >
      <div>
        19
      </div>
    </div>
    <div
      className="day"
    >
      <div>
        20
      </div>
    </div>
    <div
      className="day"
    >
      <div>
        21
      </div>
    </div>
    <div
      className="day"
    >
      <div>
        22
      </div>
    </div>
    <div
      className="day"
    >
      <div>
        23
      </div>
    </div>
    <div
      className="day"
    >
      <div>
        24
      </div>
    </div>
    <div
      className="day"
    >
      <div>
        25
      </div>
    </div>
    <div
      className="day"
    >
      <div>
        26
      </div>
    </div>
    <div
      className="day"
    >
      <div>
        27
      </div>
    </div>
    <div
      className="day"
    >
      <div>
        28
      </div>
    </div>
    <div
      className="day"
    >
      <div>
        29
      </div>
    </div>
    <div
      className="day"
    >
      <div>
        30
      </div>
    </div>
    <div
      className="day"
    >
      <div>
        31
      </div>
    </div>
    <div
      className="day"
    >
      <div />
    </div>
    <div
      className="day"
    >
      <div />
    </div>
  </div>
</div>
`;
